
D:\Program Files\Project>virtualenv pyqt
'virtualenv' is not recognized as an internal or external command,
operable program or batch file.

D:\Program Files\Project>pip install virtualenv
Collecting virtualenv
  Downloading virtualenv-20.28.0-py3-none-any.whl.metadata (4.4 kB)
Collecting distlib<1,>=0.3.7 (from virtualenv)
  Downloading distlib-0.3.9-py2.py3-none-any.whl.metadata (5.2 kB)
Collecting filelock<4,>=3.12.2 (from virtualenv)
  Downloading filelock-3.16.1-py3-none-any.whl.metadata (2.9 kB)
Collecting platformdirs<5,>=3.9.1 (from virtualenv)
  Downloading platformdirs-4.3.6-py3-none-any.whl.metadata (11 kB)
Downloading virtualenv-20.28.0-py3-none-any.whl (4.3 MB)
   ━━━━━━━━━━━━━━━━━━━━━━━━━━━━━━━━━━━━━━━━ 4.3/4.3 MB 5.8 MB/s eta 0:00:00
Downloading distlib-0.3.9-py2.py3-none-any.whl (468 kB)
Downloading filelock-3.16.1-py3-none-any.whl (16 kB)
Downloading platformdirs-4.3.6-py3-none-any.whl (18 kB)
Installing collected packages: distlib, platformdirs, filelock, virtualenv
Successfully installed distlib-0.3.9 filelock-3.16.1 platformdirs-4.3.6 virtualenv-20.28.0

D:\Program Files\Project>virtualenv pyqt
created virtual environment CPython3.10.5.final.0-64 in 25254ms
  creator CPython3Windows(dest=D:\Program Files\Project\pyqt, clear=False, no_vcs_ignore=False, global=False)
  seeder FromAppData(download=False, pip=bundle, setuptools=bundle, wheel=bundle, via=copy, app_data_dir=C:\Users\Dell\AppData\Local\pypa\virtualenv)
    added seed packages: pip==24.3.1, setuptools==75.6.0, wheel==0.45.1
  activators BashActivator,BatchActivator,FishActivator,NushellActivator,PowerShellActivator,PythonActivator


D:\Program Files\Project>virtualenv pyqt
created virtual environment CPython3.10.5.final.0-64 in 25254ms
  creator CPython3Windows(dest=D:\Program Files\Project\pyqt, clear=False, no_vcs_ignore=False, global=False)
  seeder FromAppData(download=False, pip=bundle, setuptools=bundle, wheel=bundle, via=copy, app_data_dir=C:\Users\Dell\AppData\Local\pypa\virtualenv)
    added seed packages: pip==24.3.1, setuptools==75.6.0, wheel==0.45.1
  activators BashActivator,BatchActivator,FishActivator,NushellActivator,PowerShellActivator,PythonActivator

D:\Program Files\Project>cd pyqt

D:\Program Files\Project\pyqt>cd Scripts

D:\Program Files\Project\pyqt\Scripts>activate

(pyqt) D:\Program Files\Project\pyqt\Scripts>cd ..

(pyqt) D:\Program Files\Project\pyqt>cd ..

(pyqt) D:\Program Files\Project>git init
Initialized empty Git repository in D:/Program Files/Project/.git/

(pyqt) D:\Program Files\Project>git clone https://github.com/hydracsnova13/FinSight-Desktop-Application.git
Cloning into 'FinSight-Desktop-Application'...
remote: Enumerating objects: 57, done.
remote: Counting objects: 100% (57/57), done.
remote: Compressing objects: 100% (45/45), done.
remote: Total 57 (delta 10), reused 52 (delta 8), pack-reused 0 (from 0)
Receiving objects: 100% (57/57), 1.95 MiB | 2.66 MiB/s, done.
Resolving deltas: 100% (10/10), done.

(pyqt) D:\Program Files\Project>cd FinSight-Desktop-Application

(pyqt) D:\Program Files\Project\FinSight-Desktop-Application>cd Applications

(pyqt) D:\Program Files\Project\FinSight-Desktop-Application\Applications>pip install -r requirements.txt
Collecting PySide6 (from -r requirements.txt (line 1))
  Downloading PySide6-6.8.1-cp39-abi3-win_amd64.whl.metadata (5.5 kB)
Collecting matplotlib (from -r requirements.txt (line 2))
  Downloading matplotlib-3.9.3-cp310-cp310-win_amd64.whl.metadata (11 kB)
Collecting pandas (from -r requirements.txt (line 3))
  Downloading pandas-2.2.3-cp310-cp310-win_amd64.whl.metadata (19 kB)
Collecting fpdf (from -r requirements.txt (line 4))
  Downloading fpdf-1.7.2.tar.gz (39 kB)
  Preparing metadata (setup.py) ... done
Collecting requests (from -r requirements.txt (line 5))
  Using cached requests-2.32.3-py3-none-any.whl.metadata (4.6 kB)
Collecting shiboken6==6.8.1 (from PySide6->-r requirements.txt (line 1))
  Downloading shiboken6-6.8.1-cp39-abi3-win_amd64.whl.metadata (2.6 kB)
Collecting PySide6-Essentials==6.8.1 (from PySide6->-r requirements.txt (line 1))
  Downloading PySide6_Essentials-6.8.1-cp39-abi3-win_amd64.whl.metadata (3.9 kB)
Collecting PySide6-Addons==6.8.1 (from PySide6->-r requirements.txt (line 1))
  Downloading PySide6_Addons-6.8.1-cp39-abi3-win_amd64.whl.metadata (4.2 kB)
Collecting contourpy>=1.0.1 (from matplotlib->-r requirements.txt (line 2))
  Downloading contourpy-1.3.1-cp310-cp310-win_amd64.whl.metadata (5.4 kB)
Collecting cycler>=0.10 (from matplotlib->-r requirements.txt (line 2))
  Downloading cycler-0.12.1-py3-none-any.whl.metadata (3.8 kB)
Collecting fonttools>=4.22.0 (from matplotlib->-r requirements.txt (line 2))
  Downloading fonttools-4.55.3-cp310-cp310-win_amd64.whl.metadata (168 kB)
Collecting kiwisolver>=1.3.1 (from matplotlib->-r requirements.txt (line 2))
  Downloading kiwisolver-1.4.7-cp310-cp310-win_amd64.whl.metadata (6.4 kB)
Collecting numpy>=1.23 (from matplotlib->-r requirements.txt (line 2))
  Downloading numpy-2.2.0-cp310-cp310-win_amd64.whl.metadata (60 kB)
Collecting packaging>=20.0 (from matplotlib->-r requirements.txt (line 2))
  Using cached packaging-24.2-py3-none-any.whl.metadata (3.2 kB)
Collecting pillow>=8 (from matplotlib->-r requirements.txt (line 2))
  Downloading pillow-11.0.0-cp310-cp310-win_amd64.whl.metadata (9.3 kB)
Collecting pyparsing>=2.3.1 (from matplotlib->-r requirements.txt (line 2))
  Downloading pyparsing-3.2.0-py3-none-any.whl.metadata (5.0 kB)
Collecting python-dateutil>=2.7 (from matplotlib->-r requirements.txt (line 2))
  Downloading python_dateutil-2.9.0.post0-py2.py3-none-any.whl.metadata (8.4 kB)
Collecting pytz>=2020.1 (from pandas->-r requirements.txt (line 3))
  Downloading pytz-2024.2-py2.py3-none-any.whl.metadata (22 kB)
Collecting tzdata>=2022.7 (from pandas->-r requirements.txt (line 3))
  Downloading tzdata-2024.2-py2.py3-none-any.whl.metadata (1.4 kB)
Collecting charset-normalizer<4,>=2 (from requests->-r requirements.txt (line 5))
  Downloading charset_normalizer-3.4.0-cp310-cp310-win_amd64.whl.metadata (34 kB)
Collecting idna<4,>=2.5 (from requests->-r requirements.txt (line 5))
  Using cached idna-3.10-py3-none-any.whl.metadata (10 kB)
Collecting urllib3<3,>=1.21.1 (from requests->-r requirements.txt (line 5))
  Using cached urllib3-2.2.3-py3-none-any.whl.metadata (6.5 kB)
Collecting certifi>=2017.4.17 (from requests->-r requirements.txt (line 5))
  Using cached certifi-2024.8.30-py3-none-any.whl.metadata (2.2 kB)
Collecting six>=1.5 (from python-dateutil>=2.7->matplotlib->-r requirements.txt (line 2))
  Downloading six-1.17.0-py2.py3-none-any.whl.metadata (1.7 kB)
Downloading PySide6-6.8.1-cp39-abi3-win_amd64.whl (538 kB)
   ━━━━━━━━━━━━━━━━━━━━━━━━━━━━━━━━━━━━━━━━ 538.4/538.4 kB 3.5 MB/s eta 0:00:00
Downloading PySide6_Addons-6.8.1-cp39-abi3-win_amd64.whl (128.0 MB)
   ━━━━━━━━━━━━━━━━━━━━━━━━━━━━━━━━━━━━━━━━ 128.0/128.0 MB 4.5 MB/s eta 0:00:00
Downloading PySide6_Essentials-6.8.1-cp39-abi3-win_amd64.whl (72.6 MB)
   ━━━━━━━━━━━━━━━━━━━━━━━━━━━━━━━━━━━━━━━━ 72.6/72.6 MB 6.9 MB/s eta 0:00:00
Downloading shiboken6-6.8.1-cp39-abi3-win_amd64.whl (1.1 MB)
   ━━━━━━━━━━━━━━━━━━━━━━━━━━━━━━━━━━━━━━━━ 1.1/1.1 MB 7.1 MB/s eta 0:00:00
Downloading matplotlib-3.9.3-cp310-cp310-win_amd64.whl (7.8 MB)
   ━━━━━━━━━━━━━━━━━━━━━━━━━━━━━━━━━━━━━━━━ 7.8/7.8 MB 6.8 MB/s eta 0:00:00
Downloading pandas-2.2.3-cp310-cp310-win_amd64.whl (11.6 MB)
   ━━━━━━━━━━━━━━━━━━━━━━━━━━━━━━━━━━━━━━━━ 11.6/11.6 MB 6.5 MB/s eta 0:00:00
Using cached requests-2.32.3-py3-none-any.whl (64 kB)
Using cached certifi-2024.8.30-py3-none-any.whl (167 kB)
Downloading charset_normalizer-3.4.0-cp310-cp310-win_amd64.whl (102 kB)
Downloading contourpy-1.3.1-cp310-cp310-win_amd64.whl (218 kB)
Downloading cycler-0.12.1-py3-none-any.whl (8.3 kB)
Downloading fonttools-4.55.3-cp310-cp310-win_amd64.whl (2.2 MB)
   ━━━━━━━━━━━━━━━━━━━━━━━━━━━━━━━━━━━━━━━━ 2.2/2.2 MB 6.3 MB/s eta 0:00:00
Using cached idna-3.10-py3-none-any.whl (70 kB)
Downloading kiwisolver-1.4.7-cp310-cp310-win_amd64.whl (55 kB)
Downloading numpy-2.2.0-cp310-cp310-win_amd64.whl (12.9 MB)
   ━━━━━━━━━━━━━━━━━━━━━━━━━━━━━━━━━━━━━━━━ 12.9/12.9 MB 6.9 MB/s eta 0:00:00
Using cached packaging-24.2-py3-none-any.whl (65 kB)
Downloading pillow-11.0.0-cp310-cp310-win_amd64.whl (2.6 MB)
   ━━━━━━━━━━━━━━━━━━━━━━━━━━━━━━━━━━━━━━━━ 2.6/2.6 MB 7.4 MB/s eta 0:00:00
Downloading pyparsing-3.2.0-py3-none-any.whl (106 kB)
Downloading python_dateutil-2.9.0.post0-py2.py3-none-any.whl (229 kB)
Downloading pytz-2024.2-py2.py3-none-any.whl (508 kB)
Downloading tzdata-2024.2-py2.py3-none-any.whl (346 kB)
Using cached urllib3-2.2.3-py3-none-any.whl (126 kB)
Downloading six-1.17.0-py2.py3-none-any.whl (11 kB)
Building wheels for collected packages: fpdf
  Building wheel for fpdf (setup.py) ... done
  Created wheel for fpdf: filename=fpdf-1.7.2-py2.py3-none-any.whl size=40713 sha256=584a47bf112027ae589c8b054174cf251e409b3d9a0cc528f50c68f69ec42f57
  Stored in directory: c:\users\dell\appdata\local\pip\cache\wheels\f9\95\ba\f418094659025eb9611f17cbcaf2334236bf39a0c3453ea455
Successfully built fpdf
Installing collected packages: pytz, fpdf, urllib3, tzdata, six, shiboken6, pyparsing, pillow, packaging, numpy, kiwisolver, idna, fonttools, cycler, charset-normalizer, certifi, requests, python-dateutil, PySide6-Essentials, contourpy, PySide6-Addons, pandas, matplotlib, PySide6
Successfully installed PySide6-6.8.1 PySide6-Addons-6.8.1 PySide6-Essentials-6.8.1 certifi-2024.8.30 charset-normalizer-3.4.0 contourpy-1.3.1 cycler-0.12.1 fonttools-4.55.3 fpdf-1.7.2 idna-3.10 kiwisolver-1.4.7 matplotlib-3.9.3 numpy-2.2.0 packaging-24.2 pandas-2.2.3 pillow-11.0.0 pyparsing-3.2.0 python-dateutil-2.9.0.post0 pytz-2024.2 requests-2.32.3 shiboken6-6.8.1 six-1.17.0 tzdata-2024.2 urllib3-2.2.3

(pyqt) D:\Program Files\Project\FinSight-Desktop-Application\Applications>python Dashboard.py
Fetching data for assets...
Fetching data for assets...
Fetching data for assets...
Fetching data for assets...
Raw responses saved to D:\Program Files\Project\FinSight-Desktop-Application\Applications\data storage\assets\raw_responses.json
API call completed and data saved successfully.
Insights saved to D:\Program Files\Project\FinSight-Desktop-Application\Applications\data storage\assets\insights.txt
Historical data updated in D:\Program Files\Project\FinSight-Desktop-Application\Applications\data storage\assets\historical_prices.json
Data extraction completed.
Asset prices updated successfully.
Raw responses saved to D:\Program Files\Project\FinSight-Desktop-Application\Applications\data storage\assets\raw_responses.json
API call completed and data saved successfully.
Raw responses saved to D:\Program Files\Project\FinSight-Desktop-Application\Applications\data storage\assets\raw_responses.json
API call completed and data saved successfully.
Failed to load raw responses: Expecting ',' delimiter: line 8735 column 55 (char 326282)
No raw data to process.
Insights saved to D:\Program Files\Project\FinSight-Desktop-Application\Applications\data storage\assets\insights.txt
Historical data updated in D:\Program Files\Project\FinSight-Desktop-Application\Applications\data storage\assets\historical_prices.json
Data extraction completed.
Asset prices updated successfully.
Asset prices updated successfully.
Raw responses saved to D:\Program Files\Project\FinSight-Desktop-Application\Applications\data storage\assets\raw_responses.json
API call completed and data saved successfully.
Insights saved to D:\Program Files\Project\FinSight-Desktop-Application\Applications\data storage\assets\insights.txt
Historical data updated in D:\Program Files\Project\FinSight-Desktop-Application\Applications\data storage\assets\historical_prices.json
Data extraction completed.
Asset prices updated successfully.